[www.Paysusofi.com/index.html]
[backblue.gif]
[fade.gif]
[index.html]
[www.Paysusofi.com/wp-content/cache/wpfc-minified/e5chh8ud/84xqv.css]
[www.Paysusofi.com/wp-content/cache/wpfc-minified/96pqkhnd/84xqv.css]
[www.Paysusofi.com/wp-content/cache/wpfc-minified/lykuyrd2/84xqv.css]
[www.Paysusofi.com/wp-content/cache/wpfc-minified/1n0qjno4/84xqv.css]
[www.Paysusofi.com/wp-json/wp/v2/pages/21.json]
[www.Paysusofi.com/wp-json/oembed/1.0/embed9955.json]
[www.Paysusofi.com/wp-json/oembed/1.0/embed7fc9]
[www.Paysusofi.com/wp-json/index.html]
[www.Paysusofi.com/wp-content/uploads/cropped-favicon-32x32.png]
[www.Paysusofi.com/wp-content/uploads/cropped-favicon-192x192.png]
[www.Paysusofi.com/wp-content/uploads/cropped-favicon-180x180.png]
[www.Paysusofi.com/wp-content/uploads/index-hero-image.4e3940b0.png]
[www.Paysusofi.com/about-us/index.html]
[www.Paysusofi.com/services/pay-bills/index.html]
[www.Paysusofi.com/services/airtime-purchase/index.html]
[www.Paysusofi.com/services/data-subscription/index.html]
[www.Paysusofi.com/wp-content/uploads/index-how-it-works.409f2cb4.png]
[www.Paysusofi.com/faqs/index.html]
[www.Paysusofi.com/contact-us/index.html]
[www.Paysusofi.com/wp-content/uploads/why-choose-Paysusofi.9488c32b-1.png]
[www.Paysusofi.com/wp-content/uploads/index-virtual-card.439c3eaf.png]
[www.Paysusofi.com/wp-content/uploads/index-enjoy-convenience.299ac906.png]
[www.Paysusofi.com/cookies/index.html]
[www.Paysusofi.com/terms/index.html]
[www.Paysusofi.com/privacy/index.html]
[www.Paysusofi.com/index.html]
[www.Paysusofi.com/wp-content/cache/wpfc-minified/e5chh8ud/84xqv.css]
[www.Paysusofi.com/wp-content/cache/wpfc-minified/96pqkhnd/84xqv.css]
[www.Paysusofi.com/wp-content/cache/wpfc-minified/lykuyrd2/84xqv.css]
[www.Paysusofi.com/wp-content/cache/wpfc-minified/1n0qjno4/84xqv.css]
[www.Paysusofi.com/wp-content/themes/bricks/assets/js/bricks.min16b8.js]
[www.Paysusofi.com/wp-json/wp/v2/pages/23.json]
[www.Paysusofi.com/wp-json/oembed/1.0/embed0ffb.json]
[www.Paysusofi.com/wp-json/oembed/1.0/embed6f04]
[www.Paysusofi.com/wp-content/uploads/financial-freedom.2cf913fd.png]
[www.Paysusofi.com/about-us/index.html]
[www.Paysusofi.com/wp-json/wp/v2/pages/27.json]
[www.Paysusofi.com/wp-json/oembed/1.0/embed39f8.json]
[www.Paysusofi.com/wp-json/oembed/1.0/embedcd76]
[www.Paysusofi.com/wp-content/uploads/data-sub-hero-image.ade6340a.png]
[www.Paysusofi.com/wp-content/uploads/data-sub-how-it-works.d64e509c.png]
[www.Paysusofi.com/services/data-subscription/index.html]
[www.Paysusofi.com/wp-json/wp/v2/pages/29.json]
[www.Paysusofi.com/wp-json/oembed/1.0/embed5e96.json]
[www.Paysusofi.com/wp-json/oembed/1.0/embed284d]
[www.Paysusofi.com/services/airtime-purchase/index.html]
[www.Paysusofi.com/wp-json/wp/v2/pages/31.json]
[www.Paysusofi.com/wp-json/oembed/1.0/embed7180.json]
[www.Paysusofi.com/wp-json/oembed/1.0/embed15dc]
[www.Paysusofi.com/wp-content/uploads/pay-bills-hero-image.9ab68a4e.png]
[www.Paysusofi.com/services/pay-bills/index.html]
[www.Paysusofi.com/wp-json/wp/v2/pages/33.json]
[www.Paysusofi.com/wp-json/oembed/1.0/embeddddb.json]
[www.Paysusofi.com/wp-json/oembed/1.0/embed87c9]
[www.Paysusofi.com/contact-us/index.html]
[www.Paysusofi.com/wp-json/wp/v2/pages/35.json]
[www.Paysusofi.com/wp-json/oembed/1.0/embedd750.json]
[www.Paysusofi.com/wp-json/oembed/1.0/embed0127]
[www.Paysusofi.com/faqs/index.html]
[www.Paysusofi.com/wp-json/wp/v2/pages/415.json]
[www.Paysusofi.com/wp-json/oembed/1.0/embed60db.json]
[www.Paysusofi.com/wp-json/oembed/1.0/embede0da]
[www.Paysusofi.com/terms/index.html]
[www.Paysusofi.com/wp-json/wp/v2/pages/3.json]
[www.Paysusofi.com/wp-json/oembed/1.0/embed7411.json]
[www.Paysusofi.com/wp-json/oembed/1.0/embedf035]
[www.Paysusofi.com/privacy/index.html]
[www.Paysusofi.com/wp-json/wp/v2/pages/434.json]
[www.Paysusofi.com/wp-json/oembed/1.0/embedda1a.json]
[www.Paysusofi.com/wp-json/oembed/1.0/embed6351]
[www.Paysusofi.com/cookies/index.html]
